[www.kwikydeals.com/index.html]
[backblue.gif]
[fade.gif]
[index.html]
[www.kwikydeals.com/favicon.ico]
[www.kwikydeals.com/apple-touch-icon.html]
[www.kwikydeals.com/uniqlo/css/bootstrap.min.css]
[www.kwikydeals.com/uniqlo/css/shortcode/shortcodes.css]
[www.kwikydeals.com/uniqlo/css/plugins.css]
[www.kwikydeals.com/uniqlo/style.css]
[www.kwikydeals.com/uniqlo/css/responsive.css]
[www.kwikydeals.com/uniqlo/css/custom.css]
[www.kwikydeals.com/uniqlo/js/vendor/modernizr-2.8.3.min.js]
[www.kwikydeals.com/uniqlo/js/vendor/jquery-1.12.4.min.js]
[connect.facebook.net/en_US/fbevents.js]
[analytics.tiktok.com/i18n/pixel/sdk0d10.js]
[www.kwikydeals.com/pg-10.html]
[www.kwikydeals.com/products.html]
[www.kwikydeals.com/contact-us.html]
[www.kwikydeals.com/uploads/s1.jpg]
[www.kwikydeals.com/uploads/s2.jpg]
[www.kwikydeals.com/uploads/cashes/20-08-10-11-17-1-qawSvst-268x268.jpg]
[www.kwikydeals.com/p-258.html]
[www.kwikydeals.com/uploads/cashes/20-07-11-10-42-Hot_Air_Comb-268x268.jpg]
[www.kwikydeals.com/p-268.html]
[www.kwikydeals.com/uploads/cashes/20-07-21-10-13-canmake-SILICON-268x268.jpg]
[www.kwikydeals.com/p-272.html]
[www.kwikydeals.com/uploads/cashes/20-08-19-02-34-HandBlender-268x268.jpg]
[www.kwikydeals.com/uploads/cashes/20-08-19-02-39-HandJuice-268x268.jpg]
[www.kwikydeals.com/uploads/cashes/20-09-10-12-25-Webiste-tis-268x268.jpg]
[www.kwikydeals.com/p-276.html]
[www.kwikydeals.com/uploads/cashes/20-09-15-12-07-Board-268x268.jpg]
[www.kwikydeals.com/p-273.html]
[www.kwikydeals.com/p-277.html]
[www.kwikydeals.com/uploads/cashes/20-09-17-01-00-IIK_TTG-268x268.jpg]
[www.kwikydeals.com/p-278.html]
[www.kwikydeals.com/p-279.html]
[www.kwikydeals.com/uploads/cashes/20-09-22-01-42-glowss-268x268.jpg]
[www.kwikydeals.com/uploads/cashes/20-09-26-01-55-SW-268x268.jpg]
[www.kwikydeals.com/p-280.html]
[www.kwikydeals.com/uploads/cashes/20-09-29-01-33-LaserOne-268x268.jpg]
[www.kwikydeals.com/p-281.html]
[www.kwikydeals.com/uploads/cashes/20-10-04-09-14-Curren8363-268x268.jpg]
[www.kwikydeals.com/p-282.html]
[www.kwikydeals.com/uploads/cashes/20-10-04-09-17-CurrenCURREN_8336-268x268.jpg]
[www.kwikydeals.com/p-283.html]
[www.kwikydeals.com/p-284.html]
[www.kwikydeals.com/uploads/cashes/20-10-04-09-25-CURREN8344-268x268.jpg]
[www.kwikydeals.com/uploads/cashes/20-10-04-09-36-NK-1-268x268.jpg]
[www.kwikydeals.com/p-285.html]
[www.kwikydeals.com/uploads/cashes/20-10-04-04-48-8pices-268x268.jpg]
[www.kwikydeals.com/p-286.html]
[www.kwikydeals.com/uploads/cashes/20-10-06-01-41-Am-Sprt-268x268.jpg]
[www.kwikydeals.com/p-287.html]
[www.kwikydeals.com/uploads/cashes/20-10-06-01-49-FoneShoot-268x268.jpg]
[www.kwikydeals.com/p-288.html]
[www.kwikydeals.com/p-289.html]
[www.kwikydeals.com/uploads/cashes/20-11-21-02-21-Crusil-268x268.jpg]
[www.kwikydeals.com/p-290.html]
[www.kwikydeals.com/uploads/cashes/20-11-21-02-23-361-268x268.jpg]
[www.kwikydeals.com/p-291.html]
[www.kwikydeals.com/uploads/cashes/20-11-21-02-24-3bal-268x268.jpg]
[www.kwikydeals.com/p-293.html]
[www.kwikydeals.com/uploads/cashes/20-11-21-02-26-Curn80-268x268.jpg]
[www.kwikydeals.com/p-295.html]
[www.kwikydeals.com/p-296.html]
[www.kwikydeals.com/uploads/cashes/20-11-30-04-07-curr34-268x268.jpg]
[www.kwikydeals.com/uploads/cashes/20-06-11-04-11-Digi_Sports_012-268x268.jpg]
[www.kwikydeals.com/p-259.html]
[www.kwikydeals.com/uploads/cashes/20-07-11-10-51-Telescope534-268x268.jpg]
[www.kwikydeals.com/p-245.html]
[www.kwikydeals.com/p-265.html]
[www.kwikydeals.com/uploads/cashes/20-08-07-01-37-3-Blade-268x268.jpg]
[www.kwikydeals.com/uploads/cashes/20-08-09-11-30-Time_Module_quartz_movement-268x268.jpg]
[www.kwikydeals.com/p-266.html]
[www.kwikydeals.com/p-267.html]
[www.kwikydeals.com/uploads/cashes/20-08-09-11-41-Soapabc-268x268.jpg]
[www.kwikydeals.com/p-269.html]
[www.kwikydeals.com/uploads/cashes/20-08-19-01-56-Neckmas-268x268.jpg]
[www.kwikydeals.com/p-32.html]
[www.kwikydeals.com/uploads/cashes/20-05-30-11-39-AMBERSKULL1-268x268.jpg]
[www.kwikydeals.com/uploads/cashes/20-05-30-11-34-IMAGE14-268x268.jpg]
[www.kwikydeals.com/p-229.html]
[www.kwikydeals.com/uploads/cashes/20-06-01-02-54-Veg3-268x268.jpg]
[www.kwikydeals.com/p-234.html]
[www.kwikydeals.com/p-235.html]
[www.kwikydeals.com/uploads/cashes/20-06-01-03-00-6_Pacl_(2)-268x268.jpg]
[www.kwikydeals.com/p-236.html]
[www.kwikydeals.com/uploads/cashes/20-06-04-07-10-msgaa1-268x268.jpg]
[www.kwikydeals.com/p-237.html]
[www.kwikydeals.com/uploads/cashes/20-06-04-08-22-sec1-268x268.jpg]
[www.kwikydeals.com/p-254.html]
[www.kwikydeals.com/uploads/cashes/20-07-07-01-04-Clorox-268x268.jpg]
[www.kwikydeals.com/p-261.html]
[www.kwikydeals.com/uploads/cashes/20-07-18-10-39-Juicer-a-268x268.jpg]
[www.kwikydeals.com/p-271.html]
[www.kwikydeals.com/uploads/cashes/20-08-19-02-30-Mini-Project-268x268.jpg]
[www.kwikydeals.com/p-274.html]
[www.kwikydeals.com/uploads/cashes/20-08-19-03-00-Pedi-268x268.jpg]
[www.kwikydeals.com/p-275.html]
[www.kwikydeals.com/uploads/cashes/20-08-26-12-12-1imqa-268x268.jpg]
[www.kwikydeals.com/p-232.html]
[www.kwikydeals.com/uploads/cashes/20-05-31-12-20-Skmei1_(2)-268x268.jpg]
[www.kwikydeals.com/p-233.html]
[www.kwikydeals.com/uploads/cashes/20-05-31-12-21-Fitness_Band-268x268.jpg]
[www.kwikydeals.com/uploads/cashes/20-06-07-02-03-yes12-268x268.jpg]
[www.kwikydeals.com/p-241.html]
[www.kwikydeals.com/uploads/cashes/20-08-09-11-24-1-12-268x268.jpg]
[www.kwikydeals.com/p-238.html]
[www.kwikydeals.com/p-242.html]
[www.kwikydeals.com/uploads/cashes/20-06-10-09-31-Tevise8391-1-268x268.jpg]
[www.kwikydeals.com/p-247.html]
[www.kwikydeals.com/uploads/cashes/20-06-17-10-56-Spray_Gun1-268x268.jpg]
[www.kwikydeals.com/p-248.html]
[www.kwikydeals.com/uploads/cashes/20-06-17-11-02-Shades1-268x268.jpg]
[www.kwikydeals.com/p-260.html]
[www.kwikydeals.com/uploads/cashes/20-07-13-11-45-Super_Spin-268x268.jpg]
[www.kwikydeals.com/p-270.html]
[www.kwikydeals.com/uploads/cashes/20-08-19-02-07-CAmsde-268x268.jpg]
[www.kwikydeals.com/p-228.html]
[www.kwikydeals.com/uploads/cashes/20-05-30-11-45-Flawless_Laser_Pen-268x268.jpg]
[www.kwikydeals.com/p-230.html]
[www.kwikydeals.com/uploads/cashes/20-05-30-11-53-Image_1-268x268.jpg]
[www.kwikydeals.com/p-231.html]
[www.kwikydeals.com/uploads/cashes/20-05-31-12-13-wireless-268x268.jpg]
[www.kwikydeals.com/p-239.html]
[www.kwikydeals.com/uploads/cashes/20-06-07-03-03-sms102-268x268.jpg]
[www.kwikydeals.com/p-240.html]
[www.kwikydeals.com/uploads/cashes/20-06-07-03-05-RD1-268x268.jpg]
[www.kwikydeals.com/p-243.html]
[www.kwikydeals.com/uploads/cashes/20-06-10-10-31-Amber012-268x268.jpg]
[www.kwikydeals.com/p-262.html]
[www.kwikydeals.com/uploads/cashes/20-09-15-12-08-Phone-268x268.jpg]
[www.kwikydeals.com/p-244.html]
[www.kwikydeals.com/uploads/cashes/20-06-10-11-16-IIK-GF-268x268.jpg]
[www.kwikydeals.com/p-246.html]
[www.kwikydeals.com/uploads/cashes/20-06-17-10-44-IIK-121-268x268.jpg]
[www.kwikydeals.com/p-249.html]
[www.kwikydeals.com/uploads/cashes/20-06-17-11-10-Slim_Thigh_Trimmer1-268x268.jpg]
[www.kwikydeals.com/p-250.html]
[www.kwikydeals.com/uploads/cashes/20-06-25-12-51-IIK-Collection1-268x268.jpg]
[www.kwikydeals.com/p-251.html]
[www.kwikydeals.com/uploads/cashes/20-06-25-12-55-Empower1-268x268.jpg]
[www.kwikydeals.com/p-253.html]
[www.kwikydeals.com/uploads/cashes/20-07-02-09-18-Reezard1as-268x268.jpg]
[www.kwikydeals.com/p-255.html]
[www.kwikydeals.com/uploads/cashes/20-07-08-10-14-Contact_Protective_Devicegrgfsd-268x268.jpg]
[www.kwikydeals.com/p-256.html]
[www.kwikydeals.com/uploads/cashes/20-07-08-10-22-7days-268x268.jpg]
[www.kwikydeals.com/p-257.html]
[www.kwikydeals.com/uploads/cashes/20-07-08-10-28-Mosquito_Killer_Lamprewdsx-268x268.jpg]
[www.kwikydeals.com/uniqlo/images/bg/1.jpg]
[www.kwikydeals.com/pg-13.html]
[www.kwikydeals.com/pg-12.html]
[www.kwikydeals.com/uniqlo/images/wlogo4.png]
[www.kwikydeals.com/uniqlo/js/popper.min.js]
[www.kwikydeals.com/uniqlo/js/bootstrap.min.js]
[www.kwikydeals.com/index.html]
[www.kwikydeals.com/uniqlo/js/main.js]
[www.kwikydeals.com/apple-touch-icon.html]
[www.kwikydeals.com/uniqlo/css/bootstrap.min.css]
[www.kwikydeals.com/uniqlo/fonts/themify9f24.eot]
[www.kwikydeals.com/uniqlo/js/plugins.js]
[www.kwikydeals.com/uniqlo/fonts/themify9f24.woff]
[www.kwikydeals.com/uniqlo/fonts/themify9f24.ttf]
[www.kwikydeals.com/uniqlo/fonts/Material-Design-Iconic-Fontd1f1.woff2]
[www.kwikydeals.com/uniqlo/fonts/Material-Design-Iconic-Fontd1f1.woff]
[www.kwikydeals.com/uniqlo/fonts/Material-Design-Iconic-Fontd1f1.ttf]
[www.kwikydeals.com/uniqlo/css/owl.video.play.html]
[www.kwikydeals.com/uniqlo/fonts/themify9f24.svg]
[www.kwikydeals.com/uniqlo/css/ajax-loader.html]
[www.kwikydeals.com/uniqlo/css/fonts/slickd41d.html]
[www.kwikydeals.com/uniqlo/css/fonts/slick.html]
[www.kwikydeals.com/uniqlo/css/fonts/slick-2.html]
[www.kwikydeals.com/uniqlo/css/fonts/slick-3.html]
[www.kwikydeals.com/uniqlo/css/images/ui-bg_inset-hard_100_fcfdfd_1x100.html]
[www.kwikydeals.com/uniqlo/css/fonts/slick-4.html]
[www.kwikydeals.com/uniqlo/css/images/ui-bg_gloss-wave_55_5c9ccc_500x100.html]
[www.kwikydeals.com/uniqlo/css/images/ui-bg_inset-hard_100_f5f8f9_1x100.html]
[www.kwikydeals.com/uniqlo/css/images/ui-bg_glass_85_dfeffc_1x400.html]
[www.kwikydeals.com/uniqlo/css/images/ui-bg_glass_95_fef1ec_1x400.html]
[www.kwikydeals.com/uniqlo/css/images/ui-bg_glass_75_d0e5f5_1x400.html]
[www.kwikydeals.com/uniqlo/css/images/ui-icons_469bdd_256x240.html]
[www.kwikydeals.com/uniqlo/css/images/ui-icons_d8e7f3_256x240.html]
[www.kwikydeals.com/uniqlo/css/images/ui-icons_6da8d5_256x240.html]
[www.kwikydeals.com/uniqlo/css/images/ui-icons_f9bd01_256x240.html]
[www.kwikydeals.com/uniqlo/css/images/ui-icons_217bc0_256x240.html]
[www.kwikydeals.com/uniqlo/css/images/ui-icons_2e83ff_256x240.html]
[www.kwikydeals.com/uniqlo/css/plugins.css]
[www.kwikydeals.com/uniqlo/css/images/ui-icons_cd0a0a_256x240.html]
[www.kwikydeals.com/uniqlo/css/shortcode/default.css]
[www.kwikydeals.com/uniqlo/css/shortcode/header.css]
[www.kwikydeals.com/uniqlo/css/shortcode/slider.css]
[www.kwikydeals.com/uniqlo/css/shortcode/shortcodes.css]
[www.kwikydeals.com/uniqlo/css/shortcode/footer.css]
[www.kwikydeals.com/uniqlo/images/icons/send-2.png]
[www.kwikydeals.com/uniqlo/images/icons/select-option.png]
[www.kwikydeals.com/uniqlo/style.css]
[www.kwikydeals.com/images/slider/bg/1.html]
[www.kwikydeals.com/uniqlo/css/responsive.css]
[www.kwikydeals.com/uniqlo/css/custom.css]
[connect.facebook.net/en_US/fbevents.js]
[www.kwikydeals.com/pg-10.html]
[www.kwikydeals.com/products.html]
[www.kwikydeals.com/contact-us.html]
[www.kwikydeals.com/POST.html]
[www.kwikydeals.com/uploads/cashes/20-08-10-11-17-1-qawSvst-540x401.jpg]
[www.kwikydeals.com/lib/img/AE.png]
[www.kwikydeals.com/lib/js/jquery.validate.js]
[www.kwikydeals.com/p-268.html]
[www.kwikydeals.com/uploads/cashes/20-07-11-10-42-Hot_Air_Comb-540x401.jpg]
[www.kwikydeals.com/uploads/cashes/20-07-11-10-42-Hot_Air_Combsdfsd-540x401.jpg]
[www.kwikydeals.com/uploads/cashes/20-07-11-10-42-Hot_Air_Combmed-540x401.jpg]
[www.kwikydeals.com/uploads/cashes/20-07-11-10-42-Hot_Air_Comb-100x100.jpg]
[www.kwikydeals.com/uploads/cashes/20-07-11-10-42-Hot_Air_Combsdfsd-100x100.jpg]
[www.kwikydeals.com/uploads/cashes/20-07-11-10-42-Hot_Air_Combmed-100x100.jpg]
[www.kwikydeals.com/p-258.html]
[www.kwikydeals.com/p-263]
[www.kwikydeals.com/uploads/cashes/20-08-19-02-34-HandBlender-540x401.jpg]
[www.kwikydeals.com/uploads/cashes/20-08-19-02-34-Blendit-540x401.jpg]
[www.kwikydeals.com/uploads/cashes/20-08-19-02-34-Blender-540x401.jpg]
[www.kwikydeals.com/uploads/cashes/20-08-19-02-34-HandBlender-100x100.jpg]
[www.kwikydeals.com/uploads/cashes/20-08-19-02-34-Blendit-100x100.jpg]
[www.kwikydeals.com/uploads/cashes/20-08-19-02-34-Blender-100x100.jpg]
[www.kwikydeals.com/p-272.html]
[www.kwikydeals.com/uploads/cashes/20-08-19-02-39-HandJuice-540x401.jpg]
[www.kwikydeals.com/uploads/cashes/20-08-19-02-39-jsce-540x401.jpg]
[www.kwikydeals.com/uploads/cashes/20-08-19-02-39-HandJuice-100x100.jpg]
[www.kwikydeals.com/uploads/cashes/20-08-19-02-39-jsce-100x100.jpg]
[www.kwikydeals.com/p-273.html]
[www.kwikydeals.com/uploads/cashes/20-09-10-12-25-Webiste-tis-540x401.jpg]
[www.kwikydeals.com/p-276.html]
[www.kwikydeals.com/uploads/cashes/20-09-15-12-07-Board-540x401.jpg]
[www.kwikydeals.com/uploads/cashes/20-09-15-12-07-boords-540x401.jpg]
[www.kwikydeals.com/uploads/cashes/20-09-15-12-07-Board-100x100.jpg]
[www.kwikydeals.com/uploads/cashes/20-09-15-12-07-Baord-100x100.jpg]
[www.kwikydeals.com/uploads/cashes/20-09-15-12-07-boords-100x100.jpg]
[www.kwikydeals.com/p-277.html]
[www.kwikydeals.com/uploads/cashes/20-09-17-01-00-IIK_TTG-540x401.jpg]
[www.kwikydeals.com/uploads/cashes/20-09-17-01-00-IIK_TTB-540x401.jpg]
[www.kwikydeals.com/uploads/cashes/20-09-17-01-00-IIK_TTG-100x100.jpg]
[www.kwikydeals.com/uploads/cashes/20-09-17-01-00-IIK_TTB-100x100.jpg]
[www.kwikydeals.com/p-278.html]
[www.kwikydeals.com/uploads/cashes/20-09-22-01-42-glowss-540x401.jpg]
[www.kwikydeals.com/uploads/cashes/20-09-22-01-42-Sunglas-540x401.jpg]
[www.kwikydeals.com/uploads/cashes/20-09-22-01-42-Sun-540x401.jpg]
[www.kwikydeals.com/uploads/cashes/20-09-22-01-42-glowss-100x100.jpg]
[www.kwikydeals.com/uploads/cashes/20-09-22-01-42-Sunglas-100x100.jpg]
[www.kwikydeals.com/uploads/cashes/20-09-22-01-42-Sun-100x100.jpg]
[www.kwikydeals.com/p-279.html]
[www.kwikydeals.com/uploads/cashes/20-09-26-01-55-SW-540x401.jpg]
[www.kwikydeals.com/uploads/cashes/20-09-26-01-55-SHD-540x401.jpg]
[www.kwikydeals.com/uploads/cashes/20-09-26-01-55-Sun-540x401.jpg]
[www.kwikydeals.com/uploads/cashes/20-09-26-01-55-SW-100x100.jpg]
[www.kwikydeals.com/uploads/cashes/20-09-26-01-55-SHD-100x100.jpg]
[www.kwikydeals.com/uploads/cashes/20-09-26-01-55-Sun-100x100.jpg]
[www.kwikydeals.com/p-280.html]
[www.kwikydeals.com/uploads/cashes/20-09-29-01-33-LaserOne-540x401.jpg]
[www.kwikydeals.com/uploads/cashes/20-09-29-01-33-OneLazer-540x401.jpg]
[www.kwikydeals.com/uploads/cashes/20-09-29-01-33-Loollass-540x401.jpg]
[www.kwikydeals.com/uploads/cashes/20-09-29-01-33-LaserOne-100x100.jpg]
[www.kwikydeals.com/uploads/cashes/20-09-29-01-33-OneLazer-100x100.jpg]
[www.kwikydeals.com/uploads/cashes/20-09-29-01-33-Loollass-100x100.jpg]
[www.kwikydeals.com/p-281.html]
[www.kwikydeals.com/uploads/cashes/20-10-04-09-14-Curren8363-540x401.jpg]
[www.kwikydeals.com/uploads/cashes/20-10-04-09-14-8363Curn-540x401.jpg]
[www.kwikydeals.com/uploads/cashes/20-10-04-09-14-Curren8363-100x100.jpg]
[www.kwikydeals.com/uploads/cashes/20-10-04-09-14-8363Curn-100x100.jpg]
[www.kwikydeals.com/p-282.html]
[www.kwikydeals.com/uploads/cashes/20-10-04-09-17-CurrenCURREN_8336-540x401.jpg]
[www.kwikydeals.com/uploads/cashes/20-10-04-09-17-8336Curren-540x401.jpg]
[www.kwikydeals.com/uploads/cashes/20-10-04-09-17-CurrenCURREN_8336-100x100.jpg]
[www.kwikydeals.com/uploads/cashes/20-10-04-09-17-8336Curren-100x100.jpg]
[www.kwikydeals.com/p-283.html]
[www.kwikydeals.com/uploads/cashes/20-10-04-09-25-CURREN8344-540x401.jpg]
[www.kwikydeals.com/uploads/cashes/20-10-04-09-25-8344Curren-540x401.jpg]
[www.kwikydeals.com/uploads/cashes/20-10-04-09-25-CURREN8344-100x100.jpg]
[www.kwikydeals.com/uploads/cashes/20-10-04-09-25-8344Curren-100x100.jpg]
[www.kwikydeals.com/p-284.html]
[www.kwikydeals.com/uploads/cashes/20-10-04-09-36-NK-1-540x401.jpg]
[www.kwikydeals.com/uploads/cashes/20-10-04-09-36-Meiha_1-540x401.jpg]
[www.kwikydeals.com/uploads/cashes/20-10-04-09-36-NK-1-100x100.jpg]
[www.kwikydeals.com/uploads/cashes/20-10-04-09-36-Meiha_1-100x100.jpg]
[www.kwikydeals.com/p-285.html]
[www.kwikydeals.com/uploads/cashes/20-10-04-04-48-8pices-540x401.jpg]
[www.kwikydeals.com/uploads/cashes/20-10-04-04-48-2Pcs-540x401.jpg]
[www.kwikydeals.com/uploads/cashes/20-10-04-04-48-8pices-100x100.jpg]
[www.kwikydeals.com/uploads/cashes/20-10-04-04-48-2Pcs-100x100.jpg]
[www.kwikydeals.com/p-286.html]
[www.kwikydeals.com/uploads/cashes/20-10-06-01-41-Am-Sprt-540x401.jpg]
[www.kwikydeals.com/uploads/cashes/20-10-06-01-41-am_AMd-540x401.jpg]
[www.kwikydeals.com/uploads/cashes/20-10-06-01-41-Am-Sprt-100x100.jpg]
[www.kwikydeals.com/uploads/cashes/20-10-06-01-41-am_AMd-100x100.jpg]
[www.kwikydeals.com/p-287.html]
[www.kwikydeals.com/uploads/cashes/20-10-06-01-49-FoneShoot-540x401.jpg]
[www.kwikydeals.com/uploads/cashes/20-10-06-01-49-Gimbalsut-540x401.jpg]
[www.kwikydeals.com/uploads/cashes/20-10-06-01-49-shutgim-540x401.jpg]
[www.kwikydeals.com/uploads/cashes/20-10-06-01-49-FoneShoot-100x100.jpg]
[www.kwikydeals.com/uploads/cashes/20-10-06-01-49-Gimbalsut-100x100.jpg]
[www.kwikydeals.com/uploads/cashes/20-10-06-01-49-shutgim-100x100.jpg]
[www.kwikydeals.com/p-288.html]
[www.kwikydeals.com/uploads/cashes/20-11-21-02-21-Crusil-540x401.jpg]
[www.kwikydeals.com/uploads/cashes/20-11-21-02-21-CyrsRG-540x401.jpg]
[www.kwikydeals.com/uploads/cashes/20-11-21-02-21-Crusil-100x100.jpg]
[www.kwikydeals.com/uploads/cashes/20-11-21-02-21-CyrsRG-100x100.jpg]
[www.kwikydeals.com/p-289.html]
[www.kwikydeals.com/uploads/cashes/20-11-21-02-23-361-540x401.jpg]
[www.kwikydeals.com/uploads/cashes/20-11-21-02-23-360-540x401.jpg]
[www.kwikydeals.com/uploads/cashes/20-11-21-02-23-361-100x100.jpg]
[www.kwikydeals.com/uploads/cashes/20-11-21-02-23-360-100x100.jpg]
[www.kwikydeals.com/p-290.html]
[www.kwikydeals.com/uploads/cashes/20-11-21-02-24-3bal-540x401.jpg]
[www.kwikydeals.com/uploads/cashes/20-11-21-02-24-2gim-540x401.jpg]
[www.kwikydeals.com/uploads/cashes/20-11-21-02-24-3bal-100x100.jpg]
[www.kwikydeals.com/uploads/cashes/20-11-21-02-24-2gim-100x100.jpg]
[www.kwikydeals.com/p-291.html]
[www.kwikydeals.com/uploads/cashes/20-11-21-02-26-Curn80-540x401.jpg]
[www.kwikydeals.com/uploads/cashes/20-11-21-02-26-80cur-540x401.jpg]
[www.kwikydeals.com/uploads/cashes/20-11-21-02-26-Curn80-100x100.jpg]
[www.kwikydeals.com/uploads/cashes/20-11-21-02-26-80cur-100x100.jpg]
[www.kwikydeals.com/p-293.html]
[www.kwikydeals.com/uploads/cashes/20-11-30-04-04-Cur83-540x401.jpg]
[www.kwikydeals.com/uploads/cashes/20-11-30-04-04-cur45-540x401.jpg]
[www.kwikydeals.com/uploads/cashes/20-11-30-04-04-ascyr-540x401.jpg]
[www.kwikydeals.com/uploads/cashes/20-11-30-04-04-cur45-100x100.jpg]
[www.kwikydeals.com/uploads/cashes/20-11-30-04-04-ascyr-100x100.jpg]
[www.kwikydeals.com/p-295.html]
[www.kwikydeals.com/uploads/cashes/20-11-30-04-04-Cur83-268x268.jpeg]
[www.kwikydeals.com/uploads/cashes/20-11-30-04-07-curr34-540x401.jpg]
[www.kwikydeals.com/uploads/cashes/20-11-30-04-07-cur81-540x401.jpg]
[www.kwikydeals.com/uploads/cashes/20-11-30-04-07-cor83-540x401.jpg]
[www.kwikydeals.com/uploads/cashes/20-11-30-04-07-curr34-100x100.jpg]
[www.kwikydeals.com/uploads/cashes/20-11-30-04-07-curx91-100x100.jpg]
[www.kwikydeals.com/uploads/cashes/20-11-30-04-07-cur81-100x100.jpg]
[www.kwikydeals.com/uploads/cashes/20-11-30-04-07-cor83-100x100.jpg]
[www.kwikydeals.com/p-296.html]
[www.kwikydeals.com/uploads/cashes/20-06-11-04-11-Digi_Sports_012-540x401.jpg]
[www.kwikydeals.com/uploads/cashes/20-06-11-04-11-Digi_Sports_0132-540x401.jpg]
[www.kwikydeals.com/uploads/cashes/20-06-11-04-11-Digi_Sports_012-100x100.jpg]
[www.kwikydeals.com/uploads/cashes/20-06-11-04-11-Digi_Sports_0132-100x100.jpg]
[www.kwikydeals.com/p-245.html]
[www.kwikydeals.com/uploads/cashes/20-07-11-10-51-Telescope534-540x401.jpg]
[www.kwikydeals.com/uploads/cashes/20-07-11-10-51-Telescope-540x401.jpg]
[www.kwikydeals.com/uploads/cashes/20-07-11-10-51-Telescopeawdsdvsd-540x401.jpg]
[www.kwikydeals.com/uploads/cashes/20-07-11-10-51-vdbfvTelescope-540x401.jpg]
[www.kwikydeals.com/uploads/cashes/20-07-11-10-51-Telescope534-100x100.jpg]
[www.kwikydeals.com/uploads/cashes/20-07-11-10-51-Telescope-100x100.jpg]
[www.kwikydeals.com/uploads/cashes/20-07-11-10-51-Telescopeawdsdvsd-100x100.jpg]
[www.kwikydeals.com/uploads/cashes/20-07-11-10-51-vdbfvTelescope-100x100.jpg]
[www.kwikydeals.com/p-259.html]
[www.kwikydeals.com/uploads/cashes/20-08-07-01-37-3-Blade-540x401.jpg]
[www.kwikydeals.com/uploads/cashes/20-08-07-01-37-3-Bladeas-540x401.jpg]
[www.kwikydeals.com/uploads/cashes/20-08-07-01-37-3-Blade-100x100.jpg]
[www.kwikydeals.com/uploads/cashes/20-08-07-01-37-3-Bladeas-100x100.jpg]
[www.kwikydeals.com/p-265.html]
[www.kwikydeals.com/uploads/cashes/20-08-09-11-30-Time_Module_quartz_movement-540x401.jpg]
[www.kwikydeals.com/uploads/cashes/20-08-09-11-30-Time_Module_quartz_movement-aqad-540x401.jpg]
[www.kwikydeals.com/uploads/cashes/20-08-09-11-30-Time_Module_quartz_movement-100x100.jpg]
[www.kwikydeals.com/uploads/cashes/20-08-09-11-30-Time_Module_quartz_movement-aqad-100x100.jpg]
[www.kwikydeals.com/p-266.html]
[www.kwikydeals.com/uploads/cashes/20-08-09-11-41-Soapabc-540x401.jpg]
[www.kwikydeals.com/uploads/cashes/20-08-09-11-41-Soapa123-540x401.jpg]
[www.kwikydeals.com/uploads/cashes/20-08-09-11-41-Soapabcqaq-540x401.jpg]
[www.kwikydeals.com/uploads/cashes/20-08-09-11-41-Soapabc-100x100.jpg]
[www.kwikydeals.com/uploads/cashes/20-08-09-11-41-Soapa123-100x100.jpg]
[www.kwikydeals.com/uploads/cashes/20-08-09-11-41-Soapabcqaq-100x100.jpg]
[www.kwikydeals.com/p-267.html]
[www.kwikydeals.com/uploads/cashes/20-08-19-01-56-Neckmas-540x401.jpg]
[www.kwikydeals.com/uploads/cashes/20-08-19-01-56-Nekmas-540x401.jpg]
[www.kwikydeals.com/uploads/cashes/20-08-19-01-56-Neckmas-100x100.jpg]
[www.kwikydeals.com/uploads/cashes/20-08-19-01-56-Nekmas-100x100.jpg]
[www.kwikydeals.com/p-269.html]
[www.kwikydeals.com/uploads/cashes/20-05-30-11-39-AMBERSKULL1-540x401.jpg]
[www.kwikydeals.com/uploads/cashes/20-05-30-11-39-AMBERSKULL12-540x401.jpg]
[www.kwikydeals.com/uploads/cashes/20-05-30-11-39-AMBERSKULL13-540x401.jpg]
[www.kwikydeals.com/uploads/cashes/20-05-30-11-39-AMBERSKULL1-100x100.jpg]
[www.kwikydeals.com/uploads/cashes/20-05-30-11-39-AMBERSKULL12-100x100.jpg]
[www.kwikydeals.com/uploads/cashes/20-05-30-11-39-AMBERSKULL13-100x100.jpg]
[www.kwikydeals.com/p-32.html]
[www.kwikydeals.com/uploads/cashes/20-05-30-11-34-IMAGE14-540x401.jpg]
[www.kwikydeals.com/uploads/cashes/20-05-30-11-34-IMAGE17-540x401.jpg]
[www.kwikydeals.com/uploads/cashes/20-05-30-11-34-IMAGE1-540x401.jpg]
[www.kwikydeals.com/uploads/cashes/20-05-30-11-34-IMAGE14-100x100.jpg]
[www.kwikydeals.com/uploads/cashes/20-05-30-11-34-IMAGE17-100x100.jpg]
[www.kwikydeals.com/uploads/cashes/20-05-30-11-34-IMAGE1-100x100.jpg]
[www.kwikydeals.com/p-229.html]
[www.kwikydeals.com/uploads/cashes/20-06-01-02-54-Veg3-540x401.jpg]
[www.kwikydeals.com/uploads/cashes/20-06-01-02-54-Veg1-540x401.jpg]
[www.kwikydeals.com/uploads/cashes/20-06-01-02-54-Veg-540x401.jpg]
[www.kwikydeals.com/uploads/cashes/20-06-01-02-54-Veg2-540x401.jpg]
[www.kwikydeals.com/uploads/cashes/20-06-01-02-54-Veg3-100x100.jpg]
[www.kwikydeals.com/uploads/cashes/20-06-01-02-54-Veg1-100x100.jpg]
[www.kwikydeals.com/uploads/cashes/20-06-01-02-54-Veg-100x100.jpg]
[www.kwikydeals.com/uploads/cashes/20-06-01-02-54-Veg2-100x100.jpg]
[www.kwikydeals.com/p-234.html]
[www.kwikydeals.com/uploads/cashes/20-06-01-03-00-6_Pacl_(2)-540x401.jpg]
[www.kwikydeals.com/uploads/cashes/20-06-01-03-00-6_Pacl_(5)-540x401.jpg]
[www.kwikydeals.com/uploads/cashes/20-06-01-03-00-6_Pacl_(4)-540x401.jpg]
[www.kwikydeals.com/uploads/cashes/20-06-01-03-00-6_Pacl_(2)-100x100.jpg]
[www.kwikydeals.com/uploads/cashes/20-06-01-03-00-6_Pacl_(5)-100x100.jpg]
[www.kwikydeals.com/uploads/cashes/20-06-01-03-00-6_Pacl_(4)-100x100.jpg]
[www.kwikydeals.com/p-235.html]
[www.kwikydeals.com/uploads/cashes/20-06-04-07-10-msgaa1-540x401.jpg]
[www.kwikydeals.com/uploads/cashes/20-06-04-07-10-msgaa2-540x401.jpg]
[www.kwikydeals.com/uploads/cashes/20-06-04-07-10-msgaa3-540x401.jpg]
[www.kwikydeals.com/uploads/cashes/20-06-04-07-10-msgaa1-100x100.jpg]
[www.kwikydeals.com/uploads/cashes/20-06-04-07-10-msgaa2-100x100.jpg]
[www.kwikydeals.com/uploads/cashes/20-06-04-07-10-msgaa3-100x100.jpg]
[www.kwikydeals.com/p-236.html]
[www.kwikydeals.com/uploads/cashes/20-06-04-08-22-sec1-540x401.jpg]
[www.kwikydeals.com/uploads/cashes/20-06-04-08-22-sec12-540x401.jpg]
[www.kwikydeals.com/uploads/cashes/20-06-04-08-22-sec1-100x100.jpg]
[www.kwikydeals.com/uploads/cashes/20-06-04-08-22-sec12-100x100.jpg]
[www.kwikydeals.com/uploads/cashes/20-06-04-08-22-sec13-100x100.jpg]
[www.kwikydeals.com/p-237.html]
[www.kwikydeals.com/uploads/cashes/20-07-07-01-04-Clorox-540x401.jpg]
[www.kwikydeals.com/uploads/cashes/20-07-07-01-04-Cloroxd-540x401.jpg]
[www.kwikydeals.com/uploads/cashes/20-07-07-01-04-Cloroxa-540x401.jpg]
[www.kwikydeals.com/uploads/cashes/20-07-07-01-04-Clorox-100x100.jpg]
[www.kwikydeals.com/uploads/cashes/20-07-07-01-04-Cloroxd-100x100.jpg]
[www.kwikydeals.com/uploads/cashes/20-07-07-01-04-Cloroxa-100x100.jpg]
[www.kwikydeals.com/p-254.html]
[www.kwikydeals.com/uploads/cashes/20-07-18-10-39-Juicer-a-540x401.jpg]
[www.kwikydeals.com/uploads/cashes/20-07-18-10-39-Juicer-a1a-540x401.jpg]
[www.kwikydeals.com/uploads/cashes/20-07-18-10-39-Juicer-a1bg-540x401.jpg]
[www.kwikydeals.com/uploads/cashes/20-07-18-10-39-Juicer-a1ds-540x401.jpg]
[www.kwikydeals.com/uploads/cashes/20-07-18-10-39-Juicer-a1a-100x100.jpg]
[www.kwikydeals.com/uploads/cashes/20-07-18-10-39-Juicer-a1bg-100x100.jpg]
[www.kwikydeals.com/uploads/cashes/20-07-18-10-39-Juicer-a1ds-100x100.jpg]
[www.kwikydeals.com/p-261.html]
[www.kwikydeals.com/uploads/cashes/20-08-19-02-30-Mini-Project-540x401.jpg]
[www.kwikydeals.com/uploads/cashes/20-08-19-02-30-Mini-0012-540x401.jpg]
[www.kwikydeals.com/uploads/cashes/20-08-19-02-30-MINI-021-540x401.jpg]
[www.kwikydeals.com/uploads/cashes/20-08-19-02-30-PROMINIPA-540x401.jpg]
[www.kwikydeals.com/uploads/cashes/20-08-19-02-30-Mini-Project-100x100.jpg]
[www.kwikydeals.com/uploads/cashes/20-08-19-02-30-Mini-0012-100x100.jpg]
[www.kwikydeals.com/uploads/cashes/20-08-19-02-30-MINI-021-100x100.jpg]
[www.kwikydeals.com/uploads/cashes/20-08-19-02-30-PROMINIPA-100x100.jpg]
[www.kwikydeals.com/p-271.html]
[www.kwikydeals.com/uploads/cashes/20-08-19-03-00-Pedi-540x401.jpg]
[www.kwikydeals.com/uploads/cashes/20-08-19-03-00-PEADi-540x401.jpg]
[www.kwikydeals.com/uploads/cashes/20-08-19-03-00-Pidedure-540x401.jpg]
[www.kwikydeals.com/uploads/cashes/20-08-19-03-00-PAADCd-540x401.jpg]
[www.kwikydeals.com/uploads/cashes/20-08-19-03-00-Pedi-100x100.jpg]
[www.kwikydeals.com/uploads/cashes/20-08-19-03-00-PEADi-100x100.jpg]
[www.kwikydeals.com/uploads/cashes/20-08-19-03-00-Pidedure-100x100.jpg]
[www.kwikydeals.com/uploads/cashes/20-08-19-03-00-PAADCd-100x100.jpg]
[www.kwikydeals.com/p-274.html]
[www.kwikydeals.com/uploads/cashes/20-08-26-12-12-1imqa-540x401.jpg]
[www.kwikydeals.com/uploads/cashes/20-08-26-12-12-9imahd-540x401.jpg]
[www.kwikydeals.com/uploads/cashes/20-08-26-12-13-clnimg-540x401.jpg]
[www.kwikydeals.com/uploads/cashes/20-08-26-12-12-1imqa-100x100.jpg]
[www.kwikydeals.com/uploads/cashes/20-08-26-12-12-9imahd-100x100.jpg]
[www.kwikydeals.com/uploads/cashes/20-08-26-12-13-clnimg-100x100.jpg]
[www.kwikydeals.com/p-275.html]
[www.kwikydeals.com/uploads/cashes/20-05-31-12-20-Skmei1_(2)-540x401.jpg]
[www.kwikydeals.com/p-232.html]
[www.kwikydeals.com/uploads/cashes/20-05-31-12-21-Fitness_Band-540x401.jpg]
[www.kwikydeals.com/p-233.html]
[www.kwikydeals.com/uploads/cashes/20-06-07-02-03-yes12-540x401.jpg]
[www.kwikydeals.com/uploads/cashes/20-06-07-02-03-yes13-540x401.jpg]
[www.kwikydeals.com/uploads/cashes/20-06-07-02-03-yes14-540x401.jpg]
[www.kwikydeals.com/uploads/cashes/20-06-07-02-03-yes15-540x401.jpg]
[www.kwikydeals.com/uploads/cashes/20-06-07-02-03-yes16-540x401.jpg]
[www.kwikydeals.com/uploads/cashes/20-06-07-02-03-yes12-100x100.jpg]
[www.kwikydeals.com/uploads/cashes/20-06-07-02-03-yes13-100x100.jpg]
[www.kwikydeals.com/uploads/cashes/20-06-07-02-03-yes14-100x100.jpg]
[www.kwikydeals.com/uploads/cashes/20-06-07-02-03-yes15-100x100.jpg]
[www.kwikydeals.com/uploads/cashes/20-06-07-02-03-yes16-100x100.jpg]
[www.kwikydeals.com/p-238.html]
[www.kwikydeals.com/uploads/cashes/20-08-09-11-24-1-12-540x401.jpg]
[www.kwikydeals.com/uploads/cashes/20-08-09-11-24-a-1q-540x401.jpg]
[www.kwikydeals.com/uploads/cashes/20-08-09-11-24-s-1q1-540x401.jpg]
[www.kwikydeals.com/uploads/cashes/20-08-09-11-24-1-12-100x100.jpg]
[www.kwikydeals.com/uploads/cashes/20-08-09-11-24-a-1q-100x100.jpg]
[www.kwikydeals.com/uploads/cashes/20-08-09-11-24-s-1q1-100x100.jpg]
[www.kwikydeals.com/p-241.html]
[www.kwikydeals.com/uploads/cashes/20-06-10-09-31-Tevise8391-1-540x401.jpg]
[www.kwikydeals.com/uploads/cashes/20-06-10-09-36-Tevise8391-540x401.jpg]
[www.kwikydeals.com/uploads/cashes/20-06-10-09-31-Tevise8391-1-100x100.jpg]
[www.kwikydeals.com/uploads/cashes/20-06-10-09-36-Tevise8391-100x100.jpg]
[www.kwikydeals.com/p-242.html]
[www.kwikydeals.com/uploads/cashes/20-06-17-10-56-Spray_Gun1-540x401.jpg]
[www.kwikydeals.com/uploads/cashes/20-06-17-10-56-Spray_Gun12-540x401.jpg]
[www.kwikydeals.com/uploads/cashes/20-06-17-10-56-Spray_Gun14-540x401.jpg]
[www.kwikydeals.com/uploads/cashes/20-06-17-10-56-Spray_Gun15-540x401.jpg]
[www.kwikydeals.com/uploads/cashes/20-06-17-10-56-Spray_Gun1-100x100.jpg]
[www.kwikydeals.com/uploads/cashes/20-06-17-10-56-Spray_Gun12-100x100.jpg]
[www.kwikydeals.com/uploads/cashes/20-06-17-10-56-Spray_Gun14-100x100.jpg]
[www.kwikydeals.com/uploads/cashes/20-06-17-10-56-Spray_Gun15-100x100.jpg]
[www.kwikydeals.com/p-247.html]
[www.kwikydeals.com/uploads/cashes/20-06-17-11-02-Shades1-540x401.jpg]
[www.kwikydeals.com/uploads/cashes/20-06-17-11-02-Shades3-540x401.jpg]
[www.kwikydeals.com/uploads/cashes/20-06-17-11-02-Shades5-540x401.jpg]
[www.kwikydeals.com/uploads/cashes/20-06-17-11-02-Shades1-100x100.jpg]
[www.kwikydeals.com/uploads/cashes/20-06-17-11-02-Shades3-100x100.jpg]
[www.kwikydeals.com/uploads/cashes/20-06-17-11-02-Shades5-100x100.jpg]
[www.kwikydeals.com/p-248.html]
[www.kwikydeals.com/uploads/cashes/20-07-13-11-45-Super_Spin-540x401.jpg]
[www.kwikydeals.com/uploads/cashes/20-07-13-11-45-csaSuper_Spin-540x401.jpg]
[www.kwikydeals.com/uploads/cashes/20-07-13-11-45-csdSuper_Spin-540x401.jpg]
[www.kwikydeals.com/uploads/cashes/20-07-13-11-45-Super_Spin-100x100.jpg]
[www.kwikydeals.com/uploads/cashes/20-07-13-11-45-csaSuper_Spin-100x100.jpg]
[www.kwikydeals.com/uploads/cashes/20-07-13-11-45-csdSuper_Spin-100x100.jpg]
[www.kwikydeals.com/p-260.html]
[www.kwikydeals.com/uploads/cashes/20-08-19-02-07-CAmsde-540x401.jpg]
[www.kwikydeals.com/uploads/cashes/20-08-19-02-07-CSmas-540x401.jpg]
[www.kwikydeals.com/uploads/cashes/20-08-19-02-07-HD-CAM-540x401.jpg]
[www.kwikydeals.com/uploads/cashes/20-08-19-02-07-CAmsde-100x100.jpg]
[www.kwikydeals.com/uploads/cashes/20-08-19-02-07-CSmas-100x100.jpg]
[www.kwikydeals.com/uploads/cashes/20-08-19-02-07-HD-CAM-100x100.jpg]
[www.kwikydeals.com/p-270.html]
[www.kwikydeals.com/uploads/cashes/20-05-30-11-45-Flawless_Laser_Pen-540x401.jpg]
[www.kwikydeals.com/uploads/cashes/20-05-30-11-45-Flawless_Laser_Pen1-540x401.jpg]
[www.kwikydeals.com/uploads/cashes/20-05-30-11-45-Flawless_Laser_Pen2-540x401.jpg]
[www.kwikydeals.com/uploads/cashes/20-05-30-11-45-Flawless_Laser_Pen3-540x401.jpg]
[www.kwikydeals.com/uploads/cashes/20-05-30-11-45-Flawless_Laser_Pen-100x100.jpg]
[www.kwikydeals.com/uploads/cashes/20-05-30-11-45-Flawless_Laser_Pen1-100x100.jpg]
[www.kwikydeals.com/uploads/cashes/20-05-30-11-45-Flawless_Laser_Pen2-100x100.jpg]
[www.kwikydeals.com/uploads/cashes/20-05-30-11-45-Flawless_Laser_Pen3-100x100.jpg]
[www.kwikydeals.com/p-228.html]
[www.kwikydeals.com/uploads/cashes/20-05-30-11-53-Image_1-540x401.jpg]
[www.kwikydeals.com/uploads/cashes/20-05-30-11-53-image_5_-540x401.jpg]
[www.kwikydeals.com/uploads/cashes/20-05-30-11-53-Image_1-100x100.jpg]
[www.kwikydeals.com/uploads/cashes/20-05-30-11-53-image_5_-100x100.jpg]
[www.kwikydeals.com/p-230.html]
[www.kwikydeals.com/uploads/cashes/20-05-31-12-13-wireless-540x401.jpg]
[www.kwikydeals.com/uploads/cashes/20-05-31-12-13-wireless1-540x401.jpg]
[www.kwikydeals.com/uploads/cashes/20-05-31-12-13-wireless2-540x401.jpg]
[www.kwikydeals.com/uploads/cashes/20-05-31-12-13-wireless3-540x401.jpg]
[www.kwikydeals.com/uploads/cashes/20-05-31-12-13-wireless-100x100.jpg]
[www.kwikydeals.com/uploads/cashes/20-05-31-12-13-wireless1-100x100.jpg]
[www.kwikydeals.com/uploads/cashes/20-05-31-12-13-wireless2-100x100.jpg]
[www.kwikydeals.com/uploads/cashes/20-05-31-12-13-wireless3-100x100.jpg]
[www.kwikydeals.com/p-231.html]
[www.kwikydeals.com/uploads/cashes/20-06-07-03-03-sms102-540x401.jpg]
[www.kwikydeals.com/uploads/cashes/20-06-07-03-03-sms103-540x401.jpg]
[www.kwikydeals.com/uploads/cashes/20-06-07-03-03-sms10-540x401.jpg]
[www.kwikydeals.com/uploads/cashes/20-06-07-03-03-sms102-100x100.jpg]
[www.kwikydeals.com/uploads/cashes/20-06-07-03-03-sms103-100x100.jpg]
[www.kwikydeals.com/uploads/cashes/20-06-07-03-03-sms10-100x100.jpg]
[www.kwikydeals.com/p-239.html]
[www.kwikydeals.com/uploads/cashes/20-06-07-03-05-RD1-540x401.jpg]
[www.kwikydeals.com/uploads/cashes/20-06-07-03-05-RD2-540x401.jpg]
[www.kwikydeals.com/uploads/cashes/20-06-07-03-05-RD-540x401.jpg]
[www.kwikydeals.com/uploads/cashes/20-06-07-03-05-RD1-100x100.jpg]
[www.kwikydeals.com/uploads/cashes/20-06-07-03-05-RD2-100x100.jpg]
[www.kwikydeals.com/uploads/cashes/20-06-07-03-05-RD-100x100.jpg]
[www.kwikydeals.com/p-240.html]
[www.kwikydeals.com/uploads/cashes/20-06-10-10-31-Amber012-540x401.jpg]
[www.kwikydeals.com/uploads/cashes/20-06-10-10-31-Amber01-540x401.jpg]
[www.kwikydeals.com/uploads/cashes/20-06-10-10-31-Amber013-540x401.jpg]
[www.kwikydeals.com/uploads/cashes/20-06-10-10-31-Amber012-100x100.jpg]
[www.kwikydeals.com/uploads/cashes/20-06-10-10-31-Amber01-100x100.jpg]
[www.kwikydeals.com/uploads/cashes/20-06-10-10-31-Amber013-100x100.jpg]
[www.kwikydeals.com/p-243.html]
[www.kwikydeals.com/uploads/cashes/20-09-15-12-08-Phone-540x401.jpg]
[www.kwikydeals.com/uploads/cashes/20-09-15-12-08-Holder-P-540x401.jpg]
[www.kwikydeals.com/uploads/cashes/20-09-15-12-08-P-2Hold-540x401.jpg]
[www.kwikydeals.com/uploads/cashes/20-09-15-12-08-Phone-100x100.jpg]
[www.kwikydeals.com/uploads/cashes/20-09-15-12-08-Holder-P-100x100.jpg]
[www.kwikydeals.com/uploads/cashes/20-09-15-12-08-P-2Hold-100x100.jpg]
[www.kwikydeals.com/p-262.html]
[www.kwikydeals.com/uploads/cashes/20-06-10-11-16-IIK-GF-540x401.jpg]
[www.kwikydeals.com/uploads/cashes/20-06-10-11-16-IIK-GF1-540x401.jpg]
[www.kwikydeals.com/uploads/cashes/20-07-25-10-30-Ryl_sil-540x401.jpg]
[www.kwikydeals.com/uploads/cashes/20-06-10-11-16-IIK-GF-100x100.jpg]
[www.kwikydeals.com/uploads/cashes/20-06-10-11-16-IIK-GF1-100x100.jpg]
[www.kwikydeals.com/uploads/cashes/20-07-25-10-30-Ryl_sil-100x100.jpg]
[www.kwikydeals.com/p-244.html]
[www.kwikydeals.com/uploads/cashes/20-06-17-10-44-IIK-121-540x401.jpg]
[www.kwikydeals.com/uploads/cashes/20-06-17-10-44-IIK-1211-540x401.jpg]
[www.kwikydeals.com/uploads/cashes/20-06-17-10-44-IIK-121-100x100.jpg]
[www.kwikydeals.com/uploads/cashes/20-06-17-10-44-IIK-1211-100x100.jpg]
[www.kwikydeals.com/p-246.html]
[www.kwikydeals.com/uploads/cashes/20-06-17-11-10-Slim_Thigh_Trimmer1-540x401.jpg]
[www.kwikydeals.com/uploads/cashes/20-06-17-11-10-Slim_Thigh_Trimmer3-540x401.jpg]
[www.kwikydeals.com/uploads/cashes/20-06-17-11-10-Slim_Thigh_Trimmer4-540x401.jpg]
[www.kwikydeals.com/uploads/cashes/20-06-17-11-10-Slim_Thigh_Trimmer1-100x100.jpg]
[www.kwikydeals.com/uploads/cashes/20-06-17-11-10-Slim_Thigh_Trimmer3-100x100.jpg]
[www.kwikydeals.com/uploads/cashes/20-06-17-11-10-Slim_Thigh_Trimmer4-100x100.jpg]
[www.kwikydeals.com/p-249.html]
[www.kwikydeals.com/uploads/cashes/20-06-25-12-51-IIK-Collection1-540x401.jpg]
[www.kwikydeals.com/uploads/cashes/20-06-25-12-51-IIK-Collection-540x401.jpg]
[www.kwikydeals.com/uploads/cashes/20-06-25-12-51-IIK-Collection1-100x100.jpg]
[www.kwikydeals.com/uploads/cashes/20-06-25-12-51-IIK-Collection-100x100.jpg]
[www.kwikydeals.com/p-250.html]
[www.kwikydeals.com/uploads/cashes/20-06-25-12-55-Empower1-540x401.jpg]
[www.kwikydeals.com/uploads/cashes/20-06-25-12-55-Empower12-540x401.jpg]
[www.kwikydeals.com/uploads/cashes/20-06-25-12-55-Empower1-100x100.jpg]
[www.kwikydeals.com/uploads/cashes/20-06-25-12-55-Empower12-100x100.jpg]
[www.kwikydeals.com/p-251.html]
[www.kwikydeals.com/uploads/cashes/20-07-02-09-18-Reezard1as-540x401.jpg]
[www.kwikydeals.com/uploads/cashes/20-07-02-09-18-Reezard1we-540x401.jpg]
[www.kwikydeals.com/uploads/cashes/20-07-02-09-18-Reezard2qw-540x401.jpg]
[www.kwikydeals.com/uploads/cashes/20-07-02-09-18-Reezard1as-100x100.jpg]
[www.kwikydeals.com/uploads/cashes/20-07-02-09-18-Reezard1we-100x100.jpg]
[www.kwikydeals.com/uploads/cashes/20-07-02-09-18-Reezard2qw-100x100.jpg]
[www.kwikydeals.com/p-253.html]
[www.kwikydeals.com/uploads/cashes/20-07-08-10-14-Contact_Protective_Devicegrgfsd-540x401.jpg]
[www.kwikydeals.com/uploads/cashes/20-07-08-10-14-Contact_Protective_Deviceasds-540x401.jpg]
[www.kwikydeals.com/uploads/cashes/20-07-08-10-14-Contact_Protective_Device-540x401.jpg]
[www.kwikydeals.com/uploads/cashes/20-07-08-10-14-Contact_Protective_Devicegrgfsd-100x100.jpg]
[www.kwikydeals.com/uploads/cashes/20-07-08-10-14-Contact_Protective_Deviceasds-100x100.jpg]
[www.kwikydeals.com/uploads/cashes/20-07-08-10-14-Contact_Protective_Device-100x100.jpg]
[www.kwikydeals.com/p-255.html]
[www.kwikydeals.com/uploads/cashes/20-07-08-10-22-7days-540x401.jpg]
[www.kwikydeals.com/uploads/cashes/20-07-08-10-22-8days-540x401.jpg]
[www.kwikydeals.com/uploads/cashes/20-07-08-10-22-7days-100x100.jpg]
[www.kwikydeals.com/uploads/cashes/20-07-08-10-22-8days-100x100.jpg]
[www.kwikydeals.com/p-256.html]
[www.kwikydeals.com/uploads/cashes/20-07-08-10-28-Mosquito_Killer_Lamprewdsx-540x401.jpg]
[www.kwikydeals.com/uploads/cashes/20-07-08-10-28-Mosquito_Killer_Lampedw-540x401.jpg]
[www.kwikydeals.com/uploads/cashes/20-07-08-10-28-Mosquito_Killer_Lamp-540x401.jpg]
[www.kwikydeals.com/uploads/cashes/20-07-08-10-28-Mosquito_Killer_Lamprewdsx-100x100.jpg]
[www.kwikydeals.com/uploads/cashes/20-07-08-10-28-Mosquito_Killer_Lampedw-100x100.jpg]
[www.kwikydeals.com/uploads/cashes/20-07-08-10-28-Mosquito_Killer_Lamp-100x100.jpg]
[www.kwikydeals.com/p-257.html]
[www.kwikydeals.com/pg-13.html]
[www.kwikydeals.com/pg-12.html]
[www.kwikydeals.com/uniqlo/fonts/themify9f24.svg]
[www.kwikydeals.com/uniqlo/fonts/themifyd41d.eot]
[www.kwikydeals.com/uniqlo/css/favicon.html]
[www.kwikydeals.com/uniqlo/css/pg-10.html]
[www.kwikydeals.com/uniqlo/css/products.html]
[www.kwikydeals.com/uniqlo/css/contact-us.html]
[www.kwikydeals.com/uniqlo/css/pg-13.html]
[www.kwikydeals.com/uniqlo/css/owl.video.play.html]
[www.kwikydeals.com/uniqlo/css/ajax-loader.html]
[www.kwikydeals.com/uniqlo/css/pg-12.html]
[www.kwikydeals.com/uniqlo/css/fonts/favicon.html]
[www.kwikydeals.com/uniqlo/css/fonts/apple-touch-icon.html]
[www.kwikydeals.com/uniqlo/css/fonts/pg-10.html]
[www.kwikydeals.com/uniqlo/css/fonts/products.html]
[www.kwikydeals.com/uniqlo/css/fonts/contact-us.html]
[www.kwikydeals.com/uniqlo/css/fonts/pg-13.html]
[www.kwikydeals.com/uniqlo/css/fonts/slick.html]
[www.kwikydeals.com/uniqlo/css/fonts/slickd41d.html]
[www.kwikydeals.com/uniqlo/css/fonts/slick-2.html]
[www.kwikydeals.com/uniqlo/css/fonts/slick-3.html]
[www.kwikydeals.com/uniqlo/css/fonts/slick-4.html]
[www.kwikydeals.com/uniqlo/css/fonts/pg-12.html]
[www.kwikydeals.com/uniqlo/css/images/favicon.html]
[www.kwikydeals.com/uniqlo/css/images/apple-touch-icon.html]
[www.kwikydeals.com/uniqlo/css/images/pg-10.html]
[www.kwikydeals.com/uniqlo/css/images/products.html]
[www.kwikydeals.com/uniqlo/css/images/contact-us.html]
[www.kwikydeals.com/uniqlo/css/images/pg-13.html]
[www.kwikydeals.com/uniqlo/css/images/ui-bg_inset-hard_100_fcfdfd_1x100.html]
[www.kwikydeals.com/uniqlo/css/images/ui-bg_gloss-wave_55_5c9ccc_500x100.html]
[www.kwikydeals.com/uniqlo/css/images/ui-bg_glass_85_dfeffc_1x400.html]
[www.kwikydeals.com/uniqlo/css/images/ui-bg_glass_75_d0e5f5_1x400.html]
[www.kwikydeals.com/uniqlo/css/images/pg-12.html]
[www.kwikydeals.com/uniqlo/css/images/ui-bg_inset-hard_100_f5f8f9_1x100.html]
[www.kwikydeals.com/uniqlo/css/images/ui-bg_glass_95_fef1ec_1x400.html]
[www.kwikydeals.com/uniqlo/css/images/ui-icons_469bdd_256x240.html]
[www.kwikydeals.com/uniqlo/css/images/ui-icons_d8e7f3_256x240.html]
[www.kwikydeals.com/uniqlo/css/images/ui-icons_6da8d5_256x240.html]
[www.kwikydeals.com/uniqlo/css/images/ui-icons_217bc0_256x240.html]
[www.kwikydeals.com/uniqlo/css/images/ui-icons_f9bd01_256x240.html]
[www.kwikydeals.com/uniqlo/css/images/ui-icons_2e83ff_256x240.html]
[www.kwikydeals.com/uniqlo/css/images/ui-icons_cd0a0a_256x240.html]
[www.kwikydeals.com/uniqlo/images/others/1.jpg]
[www.kwikydeals.com/uniqlo/images/bg/6.jpg]
[www.kwikydeals.com/uniqlo/css/shortcode/default.css]
[www.kwikydeals.com/uniqlo/images/icons/close-20.png]
[www.kwikydeals.com/uniqlo/css/shortcode/header.css]
[www.kwikydeals.com/uniqlo/images/slider/bg/1.png]
[www.kwikydeals.com/uniqlo/images/slider/bg/2.jpg]
[www.kwikydeals.com/uniqlo/images/slider/bg/3.jpg]
[www.kwikydeals.com/uniqlo/images/slider/bg/4.jpg]
[www.kwikydeals.com/uniqlo/css/shortcode/slider.css]
[www.kwikydeals.com/uniqlo/images/icons/send.png]
[www.kwikydeals.com/uniqlo/css/shortcode/footer.css]
[www.kwikydeals.com/images/slider/bg/favicon.html]
[www.kwikydeals.com/images/slider/bg/apple-touch-icon.html]
[www.kwikydeals.com/images/slider/bg/pg-10.html]
[www.kwikydeals.com/images/slider/bg/products.html]
[www.kwikydeals.com/images/slider/bg/contact-us.html]
[www.kwikydeals.com/images/slider/bg/pg-13.html]
[www.kwikydeals.com/images/slider/bg/1.html]
[www.kwikydeals.com/POST.html]
[www.kwikydeals.com/images/slider/bg/pg-12.html]
[www.kwikydeals.com/lib/img/flogo.png]
[www.kwikydeals.com/uniqlo/images/bg/2.jpg]
[www.kwikydeals.com/uploads/cashes/20-07-21-10-13-canmake-SILICON-540x401.jpg]
[www.kwikydeals.com/uploads/cashes/20-07-21-10-13-canmake-SILICON-BL-540x401.jpg]
[www.kwikydeals.com/uploads/cashes/20-07-21-10-13-canmake-SILICON-100x100.jpg]
[www.kwikydeals.com/uploads/cashes/20-07-21-10-13-canmake-SILICON-BL-100x100.jpg]
[www.kwikydeals.com/p-263]
[www.kwikydeals.com/uploads/cashes/20-11-30-04-04-Cur83-100x100.jpeg]
[www.kwikydeals.com/uploads/cashes/20-11-30-04-07-curx91-540x401.jpeg]
[www.kwikydeals.com/uploads/cashes/20-06-04-08-22-sec13-540x401.jpeg]
[www.kwikydeals.com/uploads/cashes/20-09-15-12-07-Baord-540x401.jpeg]
[www.kwikydeals.com/uniqlo/css/favicon.html]
[www.kwikydeals.com/uniqlo/css/pg-10.html]
[www.kwikydeals.com/uniqlo/css/products.html]
[www.kwikydeals.com/uniqlo/css/contact-us.html]
[www.kwikydeals.com/uniqlo/css/pg-13.html]
[www.kwikydeals.com/uniqlo/css/pg-12.html]
[www.kwikydeals.com/uniqlo/css/fonts/favicon.html]
[www.kwikydeals.com/uniqlo/css/fonts/apple-touch-icon.html]
[www.kwikydeals.com/uniqlo/css/fonts/pg-10.html]
[www.kwikydeals.com/uniqlo/css/fonts/products.html]
[www.kwikydeals.com/uniqlo/css/fonts/contact-us.html]
[www.kwikydeals.com/uniqlo/css/fonts/pg-13.html]
[www.kwikydeals.com/uniqlo/css/fonts/pg-12.html]
[www.kwikydeals.com/uniqlo/css/images/favicon.html]
[www.kwikydeals.com/uniqlo/css/images/apple-touch-icon.html]
[www.kwikydeals.com/uniqlo/css/images/pg-10.html]
[www.kwikydeals.com/uniqlo/css/images/products.html]
[www.kwikydeals.com/uniqlo/css/images/contact-us.html]
[www.kwikydeals.com/uniqlo/css/images/pg-13.html]
[www.kwikydeals.com/uniqlo/css/images/pg-12.html]
[www.kwikydeals.com/images/slider/bg/favicon.html]
[www.kwikydeals.com/images/slider/bg/apple-touch-icon.html]
[www.kwikydeals.com/images/slider/bg/pg-10.html]
[www.kwikydeals.com/images/slider/bg/products.html]
[www.kwikydeals.com/images/slider/bg/contact-us.html]
[www.kwikydeals.com/images/slider/bg/pg-13.html]
[www.kwikydeals.com/uploads/cashes/20-07-18-10-39-Juicer-a-100x100.jpeg]
[www.kwikydeals.com/images/slider/bg/pg-12.html]
[www.kwikydeals.com/uniqlo/css/apple-touch-icon.png]
[www.kwikydeals.com/uniqlo/css/apple-touch-icon.png]
